// Jest Snapshot v1, https://goo.gl/fbAQLP

exports[`Detail Component matches stock detail snapshot 1`] = `
<HeaderLayout
  headerShown={true}
  headerTitle="AAPL"
  innerStyle={
    Object {
      "backgroundColor": "#fff",
      "flex": 1,
    }
  }
  safeAreaStyle={
    Object {
      "backgroundColor": "#FAF9F6",
    }
  }
>
  <Spacer
    height={20}
  />
  <View
    style={
      Object {
        "alignItems": "center",
        "alignSelf": "center",
        "backgroundColor": "#FE812A",
        "height": 70,
        "justifyContent": "center",
        "width": 70,
      }
    }
  >
    <Text
      title_5={true}
    >
      apple
    </Text>
  </View>
  <View
    style={
      Object {
        "alignItems": "center",
        "flexDirection": "row",
        "justifyContent": "center",
      }
    }
  >
    <Text
      style={
        Object {
          "color": "#000000",
          "textTransform": "capitalize",
        }
      }
      text={true}
    >
      Aplle Inc
    </Text>
  </View>
  <Spacer
    height={20}
  />
  <RCTScrollView
    contentContainerStyle={
      Object {
        "backgroundColor": "#FAF9F6",
        "borderTopLeftRadius": 25,
        "borderTopRightRadius": 25,
        "bottom": 0,
        "flex": 1,
        "left": 0,
        "paddingHorizontal": 16,
        "paddingVertical": 16,
        "position": "absolute",
        "right": 0,
        "top": 5,
      }
    }
  >
    <View>
      <ErrorScreen
        message="Try again"
        showButton={false}
        title="Unable to get data"
      />
    </View>
  </RCTScrollView>
</HeaderLayout>
`;
